// Jest Snapshot v1, https://goo.gl/fbAQLP

exports[`renders correctly 1`] = `
<div
  className="max-width-4 mx-auto"
>
  <div>
    <div
      className={undefined}
      style={
        Object {
          "WebkitTapHighlightColor": "rgba(0,0,0,0)",
          "backgroundColor": "#00377B",
          "borderRadius": "0px",
          "boxShadow": "0 1px 6px rgba(0, 0, 0, 0.12),
                 0 1px 4px rgba(0, 0, 0, 0.12)",
          "boxSizing": "border-box",
          "color": "#00377B",
          "display": "flex",
          "fontFamily": "Roboto, sans-serif",
          "muiPrepared": true,
          "paddingLeft": 24,
          "paddingRight": 24,
          "position": "relative",
          "transition": "all 450ms cubic-bezier(0.23, 1, 0.32, 1) 0ms",
          "width": "100%",
          "zIndex": 1100,
        }
      }
    >
      <div
        style={
          Object {
            "marginLeft": -16,
            "marginRight": 8,
            "marginTop": 8,
            "muiPrepared": true,
          }
        }
      >
        <button
          disabled={false}
          onBlur={[Function]}
          onClick={[Function]}
          onFocus={[Function]}
          onKeyDown={[Function]}
          onKeyUp={[Function]}
          onMouseEnter={[Function]}
          onMouseLeave={[Function]}
          onMouseOut={[Function]}
          onTouchStart={[Function]}
          style={
            Object {
              "WebkitTapHighlightColor": "rgba(0, 0, 0, 0)",
              "background": "none",
              "border": 10,
              "boxSizing": "border-box",
              "cursor": "pointer",
              "display": "inline-block",
              "fontFamily": "Roboto, sans-serif",
              "fontSize": 0,
              "fontWeight": "inherit",
              "height": 48,
              "margin": 0,
              "muiPrepared": true,
              "outline": "none",
              "overflow": "visible",
              "padding": 12,
              "position": "relative",
              "textDecoration": "none",
              "transition": "all 450ms cubic-bezier(0.23, 1, 0.32, 1) 0ms",
              "verticalAlign": null,
              "width": 48,
            }
          }
          tabIndex={0}
          type="button"
        >
          <div
            onMouseDown={[Function]}
            onMouseLeave={[Function]}
            onMouseUp={[Function]}
            onTouchEnd={[Function]}
            onTouchStart={[Function]}
          >
            <svg
              onMouseEnter={[Function]}
              onMouseLeave={[Function]}
              style={
                Object {
                  "color": "#00377B",
                  "display": "inline-block",
                  "fill": "#4cc5f2",
                  "height": 24,
                  "muiPrepared": true,
                  "transition": "all 450ms cubic-bezier(0.23, 1, 0.32, 1) 0ms",
                  "userSelect": "none",
                  "width": 24,
                }
              }
              viewBox="0 0 24 24"
            >
              <path
                d="M20 11H7.83l5.59-5.59L12 4l-8 8 8 8 1.41-1.41L7.83 13H20v-2z"
              />
            </svg>
          </div>
        </button>
      </div>
      <h1
        onClick={[Function]}
        style={
          Object {
            "boxFlex": 1,
            "color": "#fafafa",
            "flex": "1",
            "fontSize": 24,
            "fontWeight": 400,
            "height": 64,
            "letterSpacing": 0,
            "lineHeight": "64px",
            "margin": 0,
            "muiPrepared": true,
            "overflow": "hidden",
            "paddingTop": 0,
            "textOverflow": "ellipsis",
            "whiteSpace": "nowrap",
          }
        }
      >
        Cambiar contrase√±a
      </h1>
    </div>
  </div>
  <div
    className="clearfix center"
  >
    <h1
      className="light text-primary h2"
    >
      Ingresa tus credenciales:
    </h1>
    <div
      className={undefined}
      style={
        Object {
          "backgroundColor": "transparent",
          "cursor": "auto",
          "display": "inline-block",
          "fontFamily": "Roboto, sans-serif",
          "fontSize": 16,
          "height": 72,
          "lineHeight": "24px",
          "muiPrepared": true,
          "position": "relative",
          "transition": "height 200ms cubic-bezier(0.23, 1, 0.32, 1) 0ms",
          "width": 256,
        }
      }
    >
      <label
        className={undefined}
        htmlFor="dmsid"
        onClick={undefined}
        style={
          Object {
            "color": "#7986cb",
            "lineHeight": "22px",
            "muiPrepared": true,
            "pointerEvents": "none",
            "position": "absolute",
            "top": 38,
            "transform": "scale(1) translate(0, 0)",
            "transformOrigin": "left top",
            "transition": "all 450ms cubic-bezier(0.23, 1, 0.32, 1) 0ms",
            "userSelect": "none",
            "zIndex": 1,
          }
        }
      >
        PIN ACTUAL
      </label>
      <input
        disabled={false}
        id="dmsid"
        onBlur={[Function]}
        onChange={[Function]}
        onFocus={[Function]}
        style={
          Object {
            "WebkitOpacity": 1,
            "WebkitTapHighlightColor": "rgba(0,0,0,0)",
            "appearance": "textfield",
            "backgroundColor": "rgba(0,0,0,0)",
            "border": "none",
            "boxSizing": "border-box",
            "color": "#00377B",
            "cursor": "inherit",
            "font": "inherit",
            "height": "100%",
            "marginTop": 14,
            "muiPrepared": true,
            "outline": "none",
            "padding": 0,
            "position": "relative",
            "width": "100%",
          }
        }
        type="number"
        value=""
      />
      <div>
        <hr
          aria-hidden="true"
          style={
            Object {
              "borderBottomStyle": "solid",
              "borderBottomWidth": 1,
              "borderColor": "#e0e0e0",
              "borderLeft": "none",
              "borderRight": "none",
              "borderTop": "none",
              "bottom": 8,
              "boxSizing": "content-box",
              "margin": 0,
              "muiPrepared": true,
              "position": "absolute",
              "width": "100%",
            }
          }
        />
        <hr
          aria-hidden="true"
          style={
            Object {
              "borderBottomStyle": "solid",
              "borderBottomWidth": 2,
              "borderColor": "#81d4fa",
              "borderLeft": "none",
              "borderRight": "none",
              "borderTop": "none",
              "bottom": 8,
              "boxSizing": "content-box",
              "margin": 0,
              "muiPrepared": true,
              "position": "absolute",
              "transform": "scaleX(0)",
              "transition": "all 450ms cubic-bezier(0.23, 1, 0.32, 1) 0ms",
              "width": "100%",
            }
          }
        />
      </div>
    </div>
    <br />
    <div
      className={undefined}
      style={
        Object {
          "backgroundColor": "transparent",
          "cursor": "auto",
          "display": "inline-block",
          "fontFamily": "Roboto, sans-serif",
          "fontSize": 16,
          "height": 72,
          "lineHeight": "24px",
          "muiPrepared": true,
          "position": "relative",
          "transition": "height 200ms cubic-bezier(0.23, 1, 0.32, 1) 0ms",
          "width": 256,
        }
      }
    >
      <label
        className={undefined}
        htmlFor="password"
        onClick={undefined}
        style={
          Object {
            "color": "#7986cb",
            "lineHeight": "22px",
            "muiPrepared": true,
            "pointerEvents": "none",
            "position": "absolute",
            "top": 38,
            "transform": "scale(1) translate(0, 0)",
            "transformOrigin": "left top",
            "transition": "all 450ms cubic-bezier(0.23, 1, 0.32, 1) 0ms",
            "userSelect": "none",
            "zIndex": 1,
          }
        }
      >
        PIN NUEVO
      </label>
      <input
        disabled={false}
        id="password"
        onBlur={[Function]}
        onChange={[Function]}
        onFocus={[Function]}
        style={
          Object {
            "WebkitOpacity": 1,
            "WebkitTapHighlightColor": "rgba(0,0,0,0)",
            "appearance": "textfield",
            "backgroundColor": "rgba(0,0,0,0)",
            "border": "none",
            "boxSizing": "border-box",
            "color": "#00377B",
            "cursor": "inherit",
            "font": "inherit",
            "height": "100%",
            "marginTop": 14,
            "muiPrepared": true,
            "outline": "none",
            "padding": 0,
            "position": "relative",
            "width": "100%",
          }
        }
        type="number"
        value=""
      />
      <div>
        <hr
          aria-hidden="true"
          style={
            Object {
              "borderBottomStyle": "solid",
              "borderBottomWidth": 1,
              "borderColor": "#e0e0e0",
              "borderLeft": "none",
              "borderRight": "none",
              "borderTop": "none",
              "bottom": 8,
              "boxSizing": "content-box",
              "margin": 0,
              "muiPrepared": true,
              "position": "absolute",
              "width": "100%",
            }
          }
        />
        <hr
          aria-hidden="true"
          style={
            Object {
              "borderBottomStyle": "solid",
              "borderBottomWidth": 2,
              "borderColor": "#81d4fa",
              "borderLeft": "none",
              "borderRight": "none",
              "borderTop": "none",
              "bottom": 8,
              "boxSizing": "content-box",
              "margin": 0,
              "muiPrepared": true,
              "position": "absolute",
              "transform": "scaleX(0)",
              "transition": "all 450ms cubic-bezier(0.23, 1, 0.32, 1) 0ms",
              "width": "100%",
            }
          }
        />
      </div>
    </div>
    <br />
    <div
      className="mt2"
      style={
        Object {
          "WebkitTapHighlightColor": "rgba(0,0,0,0)",
          "backgroundColor": "#FFFFFF",
          "borderRadius": 2,
          "boxShadow": undefined,
          "boxSizing": "border-box",
          "color": "#00377B",
          "display": "inline-block",
          "fontFamily": "Roboto, sans-serif",
          "minWidth": 88,
          "muiPrepared": true,
          "transition": "all 450ms cubic-bezier(0.23, 1, 0.32, 1) 0ms",
        }
      }
    >
      <button
        disabled={true}
        onBlur={[Function]}
        onClick={[Function]}
        onFocus={[Function]}
        onKeyDown={[Function]}
        onKeyUp={[Function]}
        style={
          Object {
            "WebkitTapHighlightColor": "rgba(0, 0, 0, 0)",
            "backgroundColor": "#CAF1F6",
            "border": 10,
            "borderRadius": 2,
            "boxSizing": "border-box",
            "cursor": "default",
            "display": "inline-block",
            "fontFamily": "Roboto, sans-serif",
            "fontSize": "inherit",
            "fontWeight": "inherit",
            "height": 36,
            "lineHeight": "36px",
            "margin": 0,
            "muiPrepared": true,
            "outline": "none",
            "padding": 0,
            "position": "relative",
            "textAlign": "center",
            "textDecoration": "none",
            "transition": "all 450ms cubic-bezier(0.23, 1, 0.32, 1) 0ms",
            "verticalAlign": null,
            "width": "100%",
          }
        }
        tabIndex={-1}
        type="button"
      >
        <div
          style={
            Object {
              "backgroundColor": false,
              "borderRadius": 2,
              "height": 36,
              "muiPrepared": true,
              "top": 0,
              "transition": "all 450ms cubic-bezier(0.23, 1, 0.32, 1) 0ms",
            }
          }
        >
          <span
            style={
              Object {
                "color": "#FFF",
                "fontSize": 14,
                "fontWeight": 500,
                "letterSpacing": 0,
                "margin": 0,
                "muiPrepared": true,
                "opacity": 1,
                "paddingLeft": 16,
                "paddingRight": 16,
                "position": "relative",
                "textTransform": "uppercase",
                "userSelect": "none",
              }
            }
          >
            Cambiar
          </span>
        </div>
      </button>
    </div>
  </div>
</div>
`;
