// Jest Snapshot v1, https://goo.gl/fbAQLP

exports[`renders correctly 1`] = `
<div
  className="max-width-4 mx-auto bg-primary height100 flex flex-column"
>
  <img
    alt=""
    className="mx-auto my2"
    height="250"
    src="http://via.placeholder.com/250x250"
    width="250"
  />
  <div
    style={
      Object {
        "muiPrepared": true,
        "padding": "8px 0px 8px 0px",
      }
    }
  >
    <hr
      style={
        Object {
          "backgroundColor": "#406A9C",
          "border": "none",
          "height": 1,
          "margin": 0,
          "marginLeft": 0,
          "marginTop": -1,
          "muiPrepared": true,
        }
      }
    />
    <div>
      <span
        disabled={false}
        onBlur={[Function]}
        onClick={[Function]}
        onFocus={[Function]}
        onKeyDown={[Function]}
        onKeyUp={[Function]}
        onMouseEnter={[Function]}
        onMouseLeave={[Function]}
        onTouchEnd={[Function]}
        onTouchStart={[Function]}
        open={null}
        style={
          Object {
            "WebkitTapHighlightColor": "rgba(0, 0, 0, 0)",
            "background": "none",
            "backgroundColor": null,
            "border": 10,
            "boxSizing": "border-box",
            "color": "#fafafa",
            "cursor": "pointer",
            "display": "block",
            "fontFamily": "Roboto, sans-serif",
            "fontSize": 16,
            "fontWeight": "inherit",
            "lineHeight": "16px",
            "margin": 0,
            "muiPrepared": true,
            "outline": "none",
            "padding": 0,
            "position": "relative",
            "textDecoration": "none",
            "transition": "all 450ms cubic-bezier(0.23, 1, 0.32, 1) 0ms",
            "verticalAlign": null,
          }
        }
        tabIndex={0}
      >
        <div
          onMouseDown={[Function]}
          onMouseLeave={[Function]}
          onMouseUp={[Function]}
          onTouchEnd={[Function]}
          onTouchStart={[Function]}
        >
          <div
            style={
              Object {
                "marginLeft": 0,
                "muiPrepared": true,
                "paddingBottom": 16,
                "paddingLeft": 16,
                "paddingRight": 56,
                "paddingTop": 16,
                "position": "relative",
              }
            }
          >
            <svg
              onMouseEnter={[Function]}
              onMouseLeave={[Function]}
              style={
                Object {
                  "color": "#00377B",
                  "display": "block",
                  "fill": "#4CC5F2",
                  "height": 24,
                  "margin": 12,
                  "muiPrepared": true,
                  "position": "absolute",
                  "right": 4,
                  "top": 0,
                  "transition": "all 450ms cubic-bezier(0.23, 1, 0.32, 1) 0ms",
                  "userSelect": "none",
                  "width": 24,
                }
              }
              viewBox="0 0 24 24"
            >
              <path
                d="M10 6L8.59 7.41 13.17 12l-4.58 4.59L10 18l6-6z"
              />
            </svg>
            <div
              style={
                Object {
                  "muiPrepared": true,
                }
              }
            >
              <b>
                PDV
              </b>
               - Punto de Venta
            </div>
          </div>
        </div>
      </span>
    </div>
    <hr
      style={
        Object {
          "backgroundColor": "#406A9C",
          "border": "none",
          "height": 1,
          "margin": 0,
          "marginLeft": 0,
          "marginTop": -1,
          "muiPrepared": true,
        }
      }
    />
    <div>
      <span
        disabled={false}
        onBlur={[Function]}
        onClick={[Function]}
        onFocus={[Function]}
        onKeyDown={[Function]}
        onKeyUp={[Function]}
        onMouseEnter={[Function]}
        onMouseLeave={[Function]}
        onTouchEnd={[Function]}
        onTouchStart={[Function]}
        open={null}
        style={
          Object {
            "WebkitTapHighlightColor": "rgba(0, 0, 0, 0)",
            "background": "none",
            "backgroundColor": null,
            "border": 10,
            "boxSizing": "border-box",
            "color": "#fafafa",
            "cursor": "pointer",
            "display": "block",
            "fontFamily": "Roboto, sans-serif",
            "fontSize": 16,
            "fontWeight": "inherit",
            "lineHeight": "16px",
            "margin": 0,
            "muiPrepared": true,
            "outline": "none",
            "padding": 0,
            "position": "relative",
            "textDecoration": "none",
            "transition": "all 450ms cubic-bezier(0.23, 1, 0.32, 1) 0ms",
            "verticalAlign": null,
          }
        }
        tabIndex={0}
      >
        <div
          onMouseDown={[Function]}
          onMouseLeave={[Function]}
          onMouseUp={[Function]}
          onTouchEnd={[Function]}
          onTouchStart={[Function]}
        >
          <div
            style={
              Object {
                "marginLeft": 0,
                "muiPrepared": true,
                "paddingBottom": 16,
                "paddingLeft": 16,
                "paddingRight": 56,
                "paddingTop": 16,
                "position": "relative",
              }
            }
          >
            <svg
              onMouseEnter={[Function]}
              onMouseLeave={[Function]}
              style={
                Object {
                  "color": "#00377B",
                  "display": "block",
                  "fill": "#4CC5F2",
                  "height": 24,
                  "margin": 12,
                  "muiPrepared": true,
                  "position": "absolute",
                  "right": 4,
                  "top": 0,
                  "transition": "all 450ms cubic-bezier(0.23, 1, 0.32, 1) 0ms",
                  "userSelect": "none",
                  "width": 24,
                }
              }
              viewBox="0 0 24 24"
            >
              <path
                d="M10 6L8.59 7.41 13.17 12l-4.58 4.59L10 18l6-6z"
              />
            </svg>
            <div
              style={
                Object {
                  "muiPrepared": true,
                }
              }
            >
              <b>
                PDA
              </b>
               - Punto de Activaci√≥n
            </div>
          </div>
        </div>
      </span>
    </div>
    <hr
      style={
        Object {
          "backgroundColor": "#406A9C",
          "border": "none",
          "height": 1,
          "margin": 0,
          "marginLeft": 0,
          "marginTop": -1,
          "muiPrepared": true,
        }
      }
    />
  </div>
</div>
`;
