// Jest Snapshot v1, https://goo.gl/fbAQLP

exports[`renders correctly 1`] = `
<div
  className="max-width-4 mx-auto"
>
  <div>
    <div
      className={undefined}
      style={
        Object {
          "WebkitTapHighlightColor": "rgba(0,0,0,0)",
          "backgroundColor": "#00377B",
          "borderRadius": "0px",
          "boxShadow": "0 1px 6px rgba(0, 0, 0, 0.12),
                 0 1px 4px rgba(0, 0, 0, 0.12)",
          "boxSizing": "border-box",
          "color": "#00377B",
          "display": "flex",
          "fontFamily": "Roboto, sans-serif",
          "muiPrepared": true,
          "paddingLeft": 24,
          "paddingRight": 24,
          "position": "relative",
          "transition": "all 450ms cubic-bezier(0.23, 1, 0.32, 1) 0ms",
          "width": "100%",
          "zIndex": 1100,
        }
      }
    >
      <div
        style={
          Object {
            "marginLeft": -16,
            "marginRight": 8,
            "marginTop": 8,
            "muiPrepared": true,
          }
        }
      >
        <span />
      </div>
      <h1
        onClick={[Function]}
        style={
          Object {
            "boxFlex": 1,
            "color": "#fafafa",
            "flex": "1",
            "fontSize": 24,
            "fontWeight": 400,
            "height": 64,
            "letterSpacing": 0,
            "lineHeight": "64px",
            "margin": 0,
            "muiPrepared": true,
            "overflow": "hidden",
            "paddingTop": 0,
            "textOverflow": "ellipsis",
            "whiteSpace": "nowrap",
          }
        }
      >
        
      </h1>
    </div>
  </div>
  <div>
    <div
      className="sc-bdVaJa dgUUwq"
    >
      <div
        style={
          Object {
            "WebkitTapHighlightColor": "rgba(0,0,0,0)",
            "backgroundColor": "#FFFFFF",
            "borderRadius": 2,
            "boxShadow": "0 1px 6px rgba(0, 0, 0, 0.12),
                   0 1px 4px rgba(0, 0, 0, 0.12)",
            "boxSizing": "border-box",
            "color": "#00377B",
            "fontFamily": "Roboto, sans-serif",
            "muiPrepared": true,
            "transition": "all 450ms cubic-bezier(0.23, 1, 0.32, 1) 0ms",
            "zIndex": 1,
          }
        }
      >
        <div
          style={
            Object {
              "paddingBottom": 8,
            }
          }
        >
          <div
            style={
              Object {
                "background": "#2e60aa",
                "color": "white",
                "muiPrepared": true,
                "padding": 16,
                "position": "relative",
              }
            }
          >
            <span
              style={
                Object {
                  "color": "rgba(0, 55, 123, 0.87)",
                  "display": "block",
                  "fontSize": 24,
                  "lineHeight": "36px",
                  "muiPrepared": true,
                }
              }
            />
            <span
              style={
                Object {
                  "color": "white",
                  "display": "block",
                  "fontSize": 14,
                  "muiPrepared": true,
                }
              }
            >
              RECOMENDADOS PARA undefined
            </span>
          </div>
          <div
            style={
              Object {
                "color": "#00377B",
                "fontSize": 14,
                "muiPrepared": true,
                "padding": 16,
              }
            }
          >
            <div />
          </div>
        </div>
      </div>
    </div>
    <div
      className="sc-bdVaJa dgUUwq"
    >
      <div
        style={
          Object {
            "WebkitTapHighlightColor": "rgba(0,0,0,0)",
            "backgroundColor": "#FFFFFF",
            "borderRadius": 2,
            "boxShadow": "0 1px 6px rgba(0, 0, 0, 0.12),
                   0 1px 4px rgba(0, 0, 0, 0.12)",
            "boxSizing": "border-box",
            "color": "#00377B",
            "fontFamily": "Roboto, sans-serif",
            "muiPrepared": true,
            "transition": "all 450ms cubic-bezier(0.23, 1, 0.32, 1) 0ms",
            "zIndex": 1,
          }
        }
      >
        <div
          style={
            Object {
              "paddingBottom": 8,
            }
          }
        >
          <div
            style={
              Object {
                "background": "#2e60aa",
                "color": "white",
                "muiPrepared": true,
                "padding": 16,
                "position": "relative",
              }
            }
          >
            <span
              style={
                Object {
                  "color": "rgba(0, 55, 123, 0.87)",
                  "display": "block",
                  "fontSize": 24,
                  "lineHeight": "36px",
                  "muiPrepared": true,
                }
              }
            />
            <span
              style={
                Object {
                  "color": "white",
                  "display": "block",
                  "fontSize": 14,
                  "muiPrepared": true,
                }
              }
            >
              TODOS LAS RECARGAS
            </span>
          </div>
          <div
            style={
              Object {
                "color": "#00377B",
                "fontSize": 14,
                "muiPrepared": true,
                "padding": 16,
              }
            }
          >
            <div />
          </div>
        </div>
      </div>
    </div>
  </div>
</div>
`;
