// Jest Snapshot v1, https://goo.gl/fbAQLP

exports[`renders correctly 1`] = `
<div
  className="max-width-4 mx-auto"
>
  <div>
    <div
      className={undefined}
      style={
        Object {
          "WebkitTapHighlightColor": "rgba(0,0,0,0)",
          "backgroundColor": "#00377B",
          "borderRadius": "0px",
          "boxShadow": "0 1px 6px rgba(0, 0, 0, 0.12),
                 0 1px 4px rgba(0, 0, 0, 0.12)",
          "boxSizing": "border-box",
          "color": "#00377B",
          "display": "flex",
          "fontFamily": "Roboto, sans-serif",
          "muiPrepared": true,
          "paddingLeft": 24,
          "paddingRight": 24,
          "position": "relative",
          "transition": "all 450ms cubic-bezier(0.23, 1, 0.32, 1) 0ms",
          "width": "100%",
          "zIndex": 1100,
        }
      }
    >
      <div
        style={
          Object {
            "marginLeft": -16,
            "marginRight": 8,
            "marginTop": 8,
            "muiPrepared": true,
          }
        }
      >
        <button
          disabled={false}
          onBlur={[Function]}
          onClick={[Function]}
          onFocus={[Function]}
          onKeyDown={[Function]}
          onKeyUp={[Function]}
          onMouseEnter={[Function]}
          onMouseLeave={[Function]}
          onMouseOut={[Function]}
          onTouchStart={[Function]}
          style={
            Object {
              "WebkitTapHighlightColor": "rgba(0, 0, 0, 0)",
              "background": "none",
              "border": 10,
              "boxSizing": "border-box",
              "cursor": "pointer",
              "display": "inline-block",
              "fontFamily": "Roboto, sans-serif",
              "fontSize": 0,
              "fontWeight": "inherit",
              "height": 48,
              "margin": 0,
              "muiPrepared": true,
              "outline": "none",
              "overflow": "visible",
              "padding": 12,
              "position": "relative",
              "textDecoration": "none",
              "transition": "all 450ms cubic-bezier(0.23, 1, 0.32, 1) 0ms",
              "verticalAlign": null,
              "width": 48,
            }
          }
          tabIndex={0}
          type="button"
        >
          <div
            onMouseDown={[Function]}
            onMouseLeave={[Function]}
            onMouseUp={[Function]}
            onTouchEnd={[Function]}
            onTouchStart={[Function]}
          >
            <svg
              onMouseEnter={[Function]}
              onMouseLeave={[Function]}
              style={
                Object {
                  "color": "#00377B",
                  "display": "inline-block",
                  "fill": "#4cc5f2",
                  "height": 24,
                  "muiPrepared": true,
                  "transition": "all 450ms cubic-bezier(0.23, 1, 0.32, 1) 0ms",
                  "userSelect": "none",
                  "width": 24,
                }
              }
              viewBox="0 0 24 24"
            >
              <path
                d="M20 11H7.83l5.59-5.59L12 4l-8 8 8 8 1.41-1.41L7.83 13H20v-2z"
              />
            </svg>
          </div>
        </button>
      </div>
      <h1
        onClick={[Function]}
        style={
          Object {
            "boxFlex": 1,
            "color": "#fafafa",
            "flex": "1",
            "fontSize": 24,
            "fontWeight": 400,
            "height": 64,
            "letterSpacing": 0,
            "lineHeight": "64px",
            "margin": 0,
            "muiPrepared": true,
            "overflow": "hidden",
            "paddingTop": 0,
            "textOverflow": "ellipsis",
            "whiteSpace": "nowrap",
          }
        }
      >
        Categor√≠as
      </h1>
    </div>
  </div>
  <div
    style={
      Object {
        "muiPrepared": true,
        "padding": "8px 0px 8px 0px",
      }
    }
  />
</div>
`;
