// Jest Snapshot v1, https://goo.gl/fbAQLP

exports[`renders correctly 1`] = `
<div
  className="max-width-4 mx-auto sc-bdVaJa bNDmez"
>
  <div
    className="clearfix center"
  >
    <svg
      className="mt2"
      onMouseEnter={[Function]}
      onMouseLeave={[Function]}
      style={
        Object {
          "color": "#00377B",
          "display": "inline-block",
          "fill": "#5BAB4B",
          "height": "35px",
          "muiPrepared": true,
          "transition": "all 450ms cubic-bezier(0.23, 1, 0.32, 1) 0ms",
          "userSelect": "none",
          "width": "35px",
        }
      }
      viewBox="0 0 24 24"
    >
      <path
        d="M12 2C6.48 2 2 6.48 2 12s4.48 10 10 10 10-4.48 10-10S17.52 2 12 2zm-2 15l-5-5 1.41-1.41L10 14.17l7.59-7.59L19 8l-9 9z"
      />
    </svg>
    <h1
      className="h5 text-white text-big regular mb3"
    >
      ¡Compra realizada
      <br />
      con éxito!
    </h1>
    <hr
      style={
        Object {
          "background": "#406A9C",
          "backgroundColor": "#e0e0e0",
          "border": "none",
          "height": 1,
          "margin": 0,
          "marginLeft": 0,
          "marginTop": -1,
          "muiPrepared": true,
        }
      }
    />
    <h2
      className="h6 regular text-tertiary p0 mt3 mb0"
    >
      Paquete
    </h2>
    <h3
      className="regular h5 text-white p0 m0"
    >
      TEST
    </h3>
    <h3
      className="regular h5 text-tertiary  p0 m0"
    />
    <h2
      className="h6 regular text-tertiary p0 mt2 mb0"
    >
      Valor
    </h2>
    <h3
      className="regular h5 text-white text-big p0 m0"
    />
    <h2
      className="h6 regular text-tertiary p0 mt2 mb0"
    >
      Telefono del cliente
    </h2>
    <h3
      className="regular h5 text-white text-big p0 m0 mb2"
    />
    <hr
      style={
        Object {
          "background": "#406A9C",
          "backgroundColor": "#e0e0e0",
          "border": "none",
          "height": 1,
          "margin": 0,
          "marginLeft": 0,
          "marginTop": -1,
          "muiPrepared": true,
        }
      }
    />
    <br />
    <button
      disabled={false}
      onBlur={[Function]}
      onClick={[Function]}
      onFocus={[Function]}
      onKeyDown={[Function]}
      onKeyUp={[Function]}
      onMouseEnter={[Function]}
      onMouseLeave={[Function]}
      onTouchStart={[Function]}
      style={
        Object {
          "WebkitTapHighlightColor": "rgba(0, 0, 0, 0)",
          "backgroundColor": "rgba(0, 0, 0, 0)",
          "border": 10,
          "borderRadius": 2,
          "boxSizing": "border-box",
          "color": "#4CC5F2",
          "cursor": "pointer",
          "display": "inline-block",
          "fontFamily": "Roboto, sans-serif",
          "fontSize": "inherit",
          "fontWeight": "inherit",
          "height": 36,
          "lineHeight": "36px",
          "margin": 0,
          "minWidth": 88,
          "muiPrepared": true,
          "outline": "none",
          "overflow": "hidden",
          "padding": 0,
          "position": "relative",
          "textAlign": "center",
          "textDecoration": "none",
          "transition": "all 450ms cubic-bezier(0.23, 1, 0.32, 1) 0ms",
          "userSelect": "none",
          "verticalAlign": null,
        }
      }
      tabIndex={0}
      type="button"
    >
      <div
        onMouseDown={[Function]}
        onMouseLeave={[Function]}
        onMouseUp={[Function]}
        onTouchEnd={[Function]}
        onTouchStart={[Function]}
      >
        <span
          style={
            Object {
              "fontSize": 14,
              "fontWeight": 500,
              "letterSpacing": 0,
              "muiPrepared": true,
              "paddingLeft": 16,
              "paddingRight": 16,
              "position": "relative",
              "textTransform": "uppercase",
              "verticalAlign": "middle",
            }
          }
        >
          Volver Al Inicio
        </span>
      </div>
    </button>
  </div>
</div>
`;
